<html>
<body>
<pre>
<h1>礦ision Build Log</h1>
<h2>Tool Versions:</h2>
IDE-Version: μVision V5.14.2
Copyright (C) 2015 ARM Ltd and ARM Germany GmbH. All rights reserved.
License Information: Cortex-M3, 1, LIC=EXJTG-VHFDK-QDNKD-8WD57-XHREP-XJ8ZT
 
Tool Versions:
Toolchain:       MDK-ARM Standard  Version: 5.23
Toolchain Path:  E:\software_part2\KEIL5\ARM\ARMCC\Bin
C Compiler:      Armcc.exe V5.06 update 4 (build 422)
Assembler:       Armasm.exe V5.06 update 4 (build 422)
Linker/Locator:  ArmLink.exe V5.06 update 4 (build 422)
Library Manager: ArmAr.exe V5.06 update 4 (build 422)
Hex Converter:   FromElf.exe V5.06 update 4 (build 422)
CPU DLL:         SARMCM3.DLL V5.23
Dialog DLL:      DARMSTM.DLL V1.68.0.0
Target DLL:      Segger\JL2CM3.dll V2.99.23.0
Dialog DLL:      TARMSTM.DLL V1.66.0.0
 
<h2>Project:</h2>
F:\document\单片机程序\stm32\精英版\库函数版本\7.串口实验\USER\USART.uvprojx
Project File Date:  07/31/2019

<h2>Output:</h2>
*** Using Compiler 'V5.06 update 4 (build 422)', folder: 'E:\software_part2\KEIL5\ARM\ARMCC\Bin'
Build target 'USART'
compiling main.c...
linking...
Program Size: Code=4560 RO-data=336 RW-data=52 ZI-data=1836  
FromELF: creating hex file...
"..\OBJ\USART.axf" - 0 Error(s), 0 Warning(s).

<h2>Collection of Component include folders:</h2>
  F:\document\单片机程序\stm32\精英版\库函数版本\7.串口实验\USER\RTE
  E:\software_part2\KEIL5\ARM\PACK\Keil\STM32F1xx_DFP\1.0.5\Device\Include

<h2>Collection of Component Files used:</h2>
</pre>
</body>
</html>
